2026-03-17 00:49:10  INFO      =======================================================
2026-03-17 00:49:10  INFO      SL Guardian started
2026-03-17 00:49:10  INFO      Watchdog interval : 60s
2026-03-17 00:49:10  INFO      Symbols configured: ['RELIANCE', 'NIFTY24DECFUT']
2026-03-17 00:49:10  INFO      =======================================================

2026-03-17 00:49:10  INFO      ── Watchdog cycle starting ──────────────────────
2026-03-17 00:49:40  INFO      Open positions: ['ANGELONE26MAR210CE', 'ANGELONE26MAR215PE', 'ANGELONE26MAR230PE', 'ANGELONE26MAR240CE', 'ANGELONE26MAR245CE', 'MANKIND26MAR2100CE', 'MANKIND26MARFUT', 'MAZDOCK26MAR2400CE']
2026-03-17 00:50:00  INFO      Checking ANGELONE26MAR210CE | qty=2500 | avg=12.00 | product=NRML
2026-03-17 00:50:15  WARNING     ✗ NO SL found for ANGELONE26MAR210CE. Placing ATR-based SL-M order...
2026-03-17 00:50:33  INFO        ATR(14, 15minute) for ANGELONE26MAR210CE = 0.8892
2026-03-17 00:50:42  INFO        Computed SL price = 10.67  (ATR=0.8892 × 1.5)
2026-03-17 00:51:00  ERROR       ✗ Failed to place SL for ANGELONE26MAR210CE: SL-M orders are blocked for stock options due to illiquidity. Try placing SL-M order with [market protection](https://support.zerodha.com/category/trading-and-markets/charts-and-orders/order/articles/market-price-protection-on-the-order-window) enabled.
2026-03-17 00:52:46  INFO      Checking ANGELONE26MAR215PE | qty=2500 | avg=10.00 | product=NRML
2026-03-17 00:52:54  WARNING     ✗ NO SL found for ANGELONE26MAR215PE. Placing ATR-based SL-M order...
2026-03-17 00:53:00  INFO        ATR(14, 15minute) for ANGELONE26MAR215PE = 0.7556
2026-03-17 00:53:03  INFO        Computed SL price = 8.87  (ATR=0.7556 × 1.5)
2026-03-17 00:53:42  ERROR       ✗ Failed to place SL for ANGELONE26MAR215PE: SL-M orders are blocked for stock options due to illiquidity. Try placing SL-M order with [market protection](https://support.zerodha.com/category/trading-and-markets/charts-and-orders/order/articles/market-price-protection-on-the-order-window) enabled.
2026-03-17 01:00:38  INFO      =======================================================
2026-03-17 01:00:38  INFO      SL Guardian started
2026-03-17 01:00:38  INFO      Watchdog interval : 60s
2026-03-17 01:00:38  INFO      Symbols configured: ['RELIANCE', 'NIFTY24DECFUT']
2026-03-17 01:00:38  INFO      =======================================================

2026-03-17 01:00:38  INFO      ── Watchdog cycle starting ──────────────────────
2026-03-17 01:00:51  INFO      Open positions: ['ANGELONE26MAR210CE', 'ANGELONE26MAR215PE', 'ANGELONE26MAR230PE', 'ANGELONE26MAR240CE', 'ANGELONE26MAR245CE', 'MANKIND26MAR2100CE', 'MANKIND26MARFUT', 'MAZDOCK26MAR2400CE']
2026-03-17 01:00:54  WARNING   Could not fetch GTT orders (will ignore GTT check): 'dict' object has no attribute 'add'
2026-03-17 01:06:40  INFO      Checking ANGELONE26MAR210CE | qty=2500 | avg=12.00 | product=NRML | OPTION
2026-03-17 01:06:43  WARNING     ✗ NO SL or GTT found for ANGELONE26MAR210CE. Placing ATR-based SL order...
2026-03-17 01:06:47  INFO        ATR(14, 15minute) for ANGELONE26MAR210CE = 0.8892
2026-03-17 01:06:52  INFO        Computed SL price = 10.67  (ATR=0.8892 × 1.5)
2026-03-17 01:07:08  INFO        Options detected → SL-limit | trigger=10.67 | limit=10.46 (protection=2.0%)
2026-03-17 01:07:11  ERROR       ✗ Failed to place SL for ANGELONE26MAR210CE: Your order could not be converted to a After Market Order (AMO).
2026-03-17 01:07:40  INFO      Checking ANGELONE26MAR215PE | qty=2500 | avg=10.00 | product=NRML | OPTION
2026-03-17 01:07:41  WARNING     ✗ NO SL or GTT found for ANGELONE26MAR215PE. Placing ATR-based SL order...
2026-03-17 01:07:44  INFO        ATR(14, 15minute) for ANGELONE26MAR215PE = 0.7556
2026-03-17 01:07:44  INFO        Computed SL price = 8.87  (ATR=0.7556 × 1.5)
2026-03-17 01:07:44  INFO        Options detected → SL-limit | trigger=8.87 | limit=8.69 (protection=2.0%)
2026-03-17 01:07:44  ERROR       ✗ Failed to place SL for ANGELONE26MAR215PE: Trigger price for stoploss sell orders should be lower than the last traded price (7.11). Use limit order to sell at a higher price. [Read more.](https://support.zerodha.com/category/trading-and-markets/margin-leverage-and-product-and-order-types/articles/what-are-stop-loss-orders-and-how-to-use-them)
2026-03-17 01:07:44  INFO      Checking ANGELONE26MAR230PE | qty=-2500 | avg=18.00 | product=NRML | OPTION
2026-03-17 01:07:44  WARNING     ✗ NO SL or GTT found for ANGELONE26MAR230PE. Placing ATR-based SL order...
2026-03-17 01:07:44  INFO        ATR(14, 15minute) for ANGELONE26MAR230PE = 0.6169
2026-03-17 01:07:44  INFO        Computed SL price = 18.93  (ATR=0.6169 × 1.5)
2026-03-17 01:07:44  INFO        Options detected → SL-limit | trigger=18.93 | limit=19.31 (protection=2.0%)
2026-03-17 01:07:44  ERROR       ✗ Failed to place SL for ANGELONE26MAR230PE: Your order could not be converted to a After Market Order (AMO).
2026-03-17 01:07:44  INFO      Checking ANGELONE26MAR240CE | qty=2500 | avg=9.60 | product=NRML | OPTION
2026-03-17 01:07:44  WARNING     ✗ NO SL or GTT found for ANGELONE26MAR240CE. Placing ATR-based SL order...
2026-03-17 01:07:44  INFO        ATR(14, 15minute) for ANGELONE26MAR240CE = 0.1624
2026-03-17 01:07:44  INFO        Computed SL price = 9.36  (ATR=0.1624 × 1.5)
2026-03-17 01:07:44  INFO        Options detected → SL-limit | trigger=9.36 | limit=9.17 (protection=2.0%)
2026-03-17 01:07:44  ERROR       ✗ Failed to place SL for ANGELONE26MAR240CE: Trigger price for stoploss sell orders should be lower than the last traded price (1.43). Use limit order to sell at a higher price. [Read more.](https://support.zerodha.com/category/trading-and-markets/margin-leverage-and-product-and-order-types/articles/what-are-stop-loss-orders-and-how-to-use-them)
2026-03-17 01:07:44  INFO      Checking ANGELONE26MAR245CE | qty=2500 | avg=12.55 | product=NRML | OPTION
2026-03-17 01:07:44  WARNING     ✗ NO SL or GTT found for ANGELONE26MAR245CE. Placing ATR-based SL order...
2026-03-17 01:07:45  INFO        ATR(14, 15minute) for ANGELONE26MAR245CE = 0.0931
2026-03-17 01:07:45  INFO        Computed SL price = 12.41  (ATR=0.0931 × 1.5)
2026-03-17 01:07:45  INFO        Options detected → SL-limit | trigger=12.41 | limit=12.16 (protection=2.0%)
2026-03-17 01:07:45  ERROR       ✗ Failed to place SL for ANGELONE26MAR245CE: Trigger price for stoploss sell orders should be lower than the last traded price (0.90). Use limit order to sell at a higher price. [Read more.](https://support.zerodha.com/category/trading-and-markets/margin-leverage-and-product-and-order-types/articles/what-are-stop-loss-orders-and-how-to-use-them)
2026-03-17 01:07:45  INFO      Checking MANKIND26MAR2100CE | qty=225 | avg=59.50 | product=NRML | OPTION
2026-03-17 01:07:45  WARNING     ✗ NO SL or GTT found for MANKIND26MAR2100CE. Placing ATR-based SL order...
2026-03-17 01:07:45  INFO        ATR(14, 15minute) for MANKIND26MAR2100CE = 3.3281
2026-03-17 01:07:45  INFO        Computed SL price = 54.51  (ATR=3.3281 × 1.5)
2026-03-17 01:07:45  INFO        Options detected → SL-limit | trigger=54.51 | limit=53.42 (protection=2.0%)
2026-03-17 01:07:45  ERROR       ✗ Failed to place SL for MANKIND26MAR2100CE: Trigger price for stoploss sell orders should be lower than the last traded price (45.60). Use limit order to sell at a higher price. [Read more.](https://support.zerodha.com/category/trading-and-markets/margin-leverage-and-product-and-order-types/articles/what-are-stop-loss-orders-and-how-to-use-them)
2026-03-17 01:07:45  INFO      Checking MANKIND26MARFUT | qty=225 | avg=2233.00 | product=NRML | EQ/FUT
2026-03-17 01:07:45  WARNING     ✗ NO SL or GTT found for MANKIND26MARFUT. Placing ATR-based SL order...
2026-03-17 01:07:45  INFO        ATR(14, 15minute) for MANKIND26MARFUT = 10.7307
2026-03-17 01:07:45  INFO        Computed SL price = 2216.90  (ATR=10.7307 × 1.5)
2026-03-17 01:07:45  INFO        Equity/Futures → SL-M | trigger=2216.9
2026-03-17 01:07:45  ERROR       ✗ Failed to place SL for MANKIND26MARFUT: Trigger price for stoploss sell orders should be lower than the last traded price (2080.90). Use limit order to sell at a higher price. [Read more.](https://support.zerodha.com/category/trading-and-markets/margin-leverage-and-product-and-order-types/articles/what-are-stop-loss-orders-and-how-to-use-them)
2026-03-17 01:07:45  INFO      Checking MAZDOCK26MAR2400CE | qty=200 | avg=116.00 | product=NRML | OPTION
2026-03-17 01:07:45  WARNING     ✗ NO SL or GTT found for MAZDOCK26MAR2400CE. Placing ATR-based SL order...
2026-03-17 01:07:46  INFO        ATR(14, 15minute) for MAZDOCK26MAR2400CE = 6.4895
2026-03-17 01:07:46  INFO        Computed SL price = 106.27  (ATR=6.4895 × 1.5)
2026-03-17 01:07:46  INFO        Options detected → SL-limit | trigger=106.27 | limit=104.14 (protection=2.0%)
2026-03-17 01:07:46  ERROR       ✗ Failed to place SL for MAZDOCK26MAR2400CE: Trigger price for stoploss sell orders should be lower than the last traded price (51.60). Use limit order to sell at a higher price. [Read more.](https://support.zerodha.com/category/trading-and-markets/margin-leverage-and-product-and-order-types/articles/what-are-stop-loss-orders-and-how-to-use-them)
2026-03-17 01:07:46  INFO      ── Watchdog cycle complete ──────────────────────

2026-03-17 01:13:39  INFO      =======================================================
2026-03-17 01:13:39  INFO      SL Guardian started
2026-03-17 01:13:39  INFO      Watchdog interval : 60s
2026-03-17 01:13:39  INFO      Symbols configured: ['RELIANCE', 'NIFTY24DECFUT']
2026-03-17 01:13:39  INFO      =======================================================

2026-03-17 01:13:39  INFO      ── Watchdog cycle starting ──────────────────────
2026-03-17 01:13:39  INFO      Open positions: ['ANGELONE26MAR210CE', 'ANGELONE26MAR215PE', 'ANGELONE26MAR230PE', 'ANGELONE26MAR240CE', 'ANGELONE26MAR245CE', 'MANKIND26MAR2100CE', 'MANKIND26MARFUT', 'MAZDOCK26MAR2400CE']
2026-03-17 01:13:40  INFO      Active GTT protection found for: {'ANGELONE26MAR230CE', 'MANKIND26MAR2100CE', 'ANGELONE26MAR230PE', 'ANGELONE26MAR210CE', 'ANGELONE26MAR245CE', 'MAZDOCK26MAR2280CE', 'ANGELONE26MAR240CE', 'VEDL26MAR675PE', 'MANKIND26MARFUT', 'GOLDIETF', 'MAZDOCK26MAR2400CE', 'ANGELONE26MAR215CE'}
2026-03-17 01:13:40  INFO      Checking ANGELONE26MAR210CE | qty=2500 | avg=12.00 | product=NRML | OPTION
2026-03-17 01:13:40  INFO        ✓ Active GTT found for ANGELONE26MAR210CE. Skipping.
2026-03-17 01:13:40  INFO      Checking ANGELONE26MAR215PE | qty=2500 | avg=10.00 | product=NRML | OPTION
2026-03-17 01:13:40  WARNING     ✗ NO SL or GTT found for ANGELONE26MAR215PE. Placing ATR-based SL order...
2026-03-17 01:13:40  INFO        ATR(14, 15minute) for ANGELONE26MAR215PE = 0.7556
2026-03-17 01:13:40  WARNING     SL 8.87 >= LTP 7.11 for SELL — clamped to 6.97 (LTP×0.98)
2026-03-17 01:13:40  INFO        Computed SL price = 6.97  (ATR=0.7556 × 1.5)
2026-03-17 01:13:40  INFO        Options detected → SL-limit | trigger=6.97 | limit=6.83 (protection=2.0%)
2026-03-17 01:13:40  ERROR       ✗ Failed to place SL for ANGELONE26MAR215PE: Your order could not be converted to a After Market Order (AMO).
2026-03-17 01:13:40  INFO      Checking ANGELONE26MAR230PE | qty=-2500 | avg=18.00 | product=NRML | OPTION
2026-03-17 01:13:40  INFO        ✓ Active GTT found for ANGELONE26MAR230PE. Skipping.
2026-03-17 01:13:40  INFO      Checking ANGELONE26MAR240CE | qty=2500 | avg=9.60 | product=NRML | OPTION
2026-03-17 01:13:40  INFO        ✓ Active GTT found for ANGELONE26MAR240CE. Skipping.
2026-03-17 01:13:40  INFO      Checking ANGELONE26MAR245CE | qty=2500 | avg=12.55 | product=NRML | OPTION
2026-03-17 01:13:40  INFO        ✓ Active GTT found for ANGELONE26MAR245CE. Skipping.
2026-03-17 01:13:40  INFO      Checking MANKIND26MAR2100CE | qty=225 | avg=59.50 | product=NRML | OPTION
2026-03-17 01:13:40  INFO        ✓ Active GTT found for MANKIND26MAR2100CE. Skipping.
2026-03-17 01:13:40  INFO      Checking MANKIND26MARFUT | qty=225 | avg=2233.00 | product=NRML | EQ/FUT
2026-03-17 01:13:40  INFO        ✓ Active GTT found for MANKIND26MARFUT. Skipping.
2026-03-17 01:13:40  INFO      Checking MAZDOCK26MAR2400CE | qty=200 | avg=116.00 | product=NRML | OPTION
2026-03-17 01:13:40  INFO        ✓ Active GTT found for MAZDOCK26MAR2400CE. Skipping.
2026-03-17 01:13:40  INFO      ── Watchdog cycle complete ──────────────────────

2026-03-17 01:14:40  INFO      ── Watchdog cycle starting ──────────────────────
2026-03-17 01:14:40  INFO      Open positions: ['ANGELONE26MAR210CE', 'ANGELONE26MAR215PE', 'ANGELONE26MAR230PE', 'ANGELONE26MAR240CE', 'ANGELONE26MAR245CE', 'MANKIND26MAR2100CE', 'MANKIND26MARFUT', 'MAZDOCK26MAR2400CE']
2026-03-17 01:14:40  INFO      Active GTT protection found for: {'ANGELONE26MAR230CE', 'MANKIND26MAR2100CE', 'ANGELONE26MAR230PE', 'ANGELONE26MAR210CE', 'ANGELONE26MAR245CE', 'MAZDOCK26MAR2280CE', 'ANGELONE26MAR240CE', 'VEDL26MAR675PE', 'MANKIND26MARFUT', 'GOLDIETF', 'MAZDOCK26MAR2400CE', 'ANGELONE26MAR215CE'}
2026-03-17 01:14:40  INFO      Checking ANGELONE26MAR210CE | qty=2500 | avg=12.00 | product=NRML | OPTION
2026-03-17 01:14:40  INFO        ✓ Active GTT found for ANGELONE26MAR210CE. Skipping.
2026-03-17 01:14:40  INFO      Checking ANGELONE26MAR215PE | qty=2500 | avg=10.00 | product=NRML | OPTION
2026-03-17 01:14:40  WARNING     ✗ NO SL or GTT found for ANGELONE26MAR215PE. Placing ATR-based SL order...
2026-03-17 01:14:41  INFO        ATR(14, 15minute) for ANGELONE26MAR215PE = 0.7556
2026-03-17 01:14:41  WARNING     SL 8.87 >= LTP 7.11 for SELL — clamped to 6.97 (LTP×0.98)
2026-03-17 01:14:41  INFO        Computed SL price = 6.97  (ATR=0.7556 × 1.5)
2026-03-17 01:14:41  INFO        Options detected → SL-limit | trigger=6.97 | limit=6.83 (protection=2.0%)
2026-03-17 01:14:41  ERROR       ✗ Failed to place SL for ANGELONE26MAR215PE: Your order could not be converted to a After Market Order (AMO).
2026-03-17 01:14:41  INFO      Checking ANGELONE26MAR230PE | qty=-2500 | avg=18.00 | product=NRML | OPTION
2026-03-17 01:14:41  INFO        ✓ Active GTT found for ANGELONE26MAR230PE. Skipping.
2026-03-17 01:14:41  INFO      Checking ANGELONE26MAR240CE | qty=2500 | avg=9.60 | product=NRML | OPTION
2026-03-17 01:14:41  INFO        ✓ Active GTT found for ANGELONE26MAR240CE. Skipping.
2026-03-17 01:14:41  INFO      Checking ANGELONE26MAR245CE | qty=2500 | avg=12.55 | product=NRML | OPTION
2026-03-17 01:14:41  INFO        ✓ Active GTT found for ANGELONE26MAR245CE. Skipping.
2026-03-17 01:14:41  INFO      Checking MANKIND26MAR2100CE | qty=225 | avg=59.50 | product=NRML | OPTION
2026-03-17 01:14:41  INFO        ✓ Active GTT found for MANKIND26MAR2100CE. Skipping.
2026-03-17 01:14:41  INFO      Checking MANKIND26MARFUT | qty=225 | avg=2233.00 | product=NRML | EQ/FUT
2026-03-17 01:14:41  INFO        ✓ Active GTT found for MANKIND26MARFUT. Skipping.
2026-03-17 01:14:41  INFO      Checking MAZDOCK26MAR2400CE | qty=200 | avg=116.00 | product=NRML | OPTION
2026-03-17 01:14:41  INFO        ✓ Active GTT found for MAZDOCK26MAR2400CE. Skipping.
2026-03-17 01:14:41  INFO      ── Watchdog cycle complete ──────────────────────

2026-03-17 01:15:18  INFO      =======================================================
2026-03-17 01:15:18  INFO      SL Guardian started
2026-03-17 01:15:18  INFO      Watchdog interval : 60s
2026-03-17 01:15:18  INFO      Symbols configured: ['RELIANCE', 'NIFTY24DECFUT']
2026-03-17 01:15:18  INFO      =======================================================

2026-03-17 01:15:18  INFO      ── Watchdog cycle starting ──────────────────────
2026-03-17 01:15:18  INFO      Open positions: ['ANGELONE26MAR210CE', 'ANGELONE26MAR215PE', 'ANGELONE26MAR230PE', 'ANGELONE26MAR240CE', 'ANGELONE26MAR245CE', 'MANKIND26MAR2100CE', 'MANKIND26MARFUT', 'MAZDOCK26MAR2400CE']
2026-03-17 01:17:00  INFO      Active GTT protection found for: {'ANGELONE26MAR230PE', 'MAZDOCK26MAR2400CE', 'VEDL26MAR675PE', 'ANGELONE26MAR210CE', 'MANKIND26MARFUT', 'MANKIND26MAR2100CE', 'MAZDOCK26MAR2280CE', 'ANGELONE26MAR240CE', 'ANGELONE26MAR245CE', 'GOLDIETF', 'ANGELONE26MAR230CE', 'ANGELONE26MAR215CE'}
2026-03-17 01:17:00  INFO      Checking ANGELONE26MAR210CE | qty=2500 | avg=12.00 | product=NRML | OPTION
2026-03-17 01:17:00  INFO        ✓ Active GTT found for ANGELONE26MAR210CE. Skipping.
2026-03-17 01:17:00  INFO      Checking ANGELONE26MAR215PE | qty=2500 | avg=10.00 | product=NRML | OPTION
2026-03-17 01:17:00  WARNING     ✗ NO SL or GTT found for ANGELONE26MAR215PE. Placing ATR-based SL order...
2026-03-17 01:17:01  INFO        ATR(14, 15minute) for ANGELONE26MAR215PE = 0.7556
2026-03-17 01:17:01  WARNING     SL 8.87 >= LTP 7.11 for SELL — clamped to 6.97 (LTP×0.98)
2026-03-17 01:17:01  INFO        Computed SL price = 6.97  (ATR=0.7556 × 1.5)
2026-03-17 01:17:01  INFO        Options detected → SL-limit | trigger=6.97 | limit=6.83 (protection=2.0%)
2026-03-17 01:17:01  ERROR       ✗ Failed to place SL for ANGELONE26MAR215PE: Your order could not be converted to a After Market Order (AMO).
2026-03-17 01:17:01  INFO      Checking ANGELONE26MAR230PE | qty=-2500 | avg=18.00 | product=NRML | OPTION
2026-03-17 01:17:01  INFO        ✓ Active GTT found for ANGELONE26MAR230PE. Skipping.
2026-03-17 01:17:01  INFO      Checking ANGELONE26MAR240CE | qty=2500 | avg=9.60 | product=NRML | OPTION
2026-03-17 01:17:01  INFO        ✓ Active GTT found for ANGELONE26MAR240CE. Skipping.
2026-03-17 01:17:01  INFO      Checking ANGELONE26MAR245CE | qty=2500 | avg=12.55 | product=NRML | OPTION
2026-03-17 01:17:01  INFO        ✓ Active GTT found for ANGELONE26MAR245CE. Skipping.
2026-03-17 01:17:01  INFO      Checking MANKIND26MAR2100CE | qty=225 | avg=59.50 | product=NRML | OPTION
2026-03-17 01:17:01  INFO        ✓ Active GTT found for MANKIND26MAR2100CE. Skipping.
2026-03-17 01:17:01  INFO      Checking MANKIND26MARFUT | qty=225 | avg=2233.00 | product=NRML | EQ/FUT
2026-03-17 01:17:01  INFO        ✓ Active GTT found for MANKIND26MARFUT. Skipping.
2026-03-17 01:17:01  INFO      Checking MAZDOCK26MAR2400CE | qty=200 | avg=116.00 | product=NRML | OPTION
2026-03-17 01:17:01  INFO        ✓ Active GTT found for MAZDOCK26MAR2400CE. Skipping.
2026-03-17 01:17:01  INFO      ── Watchdog cycle complete ──────────────────────

2026-03-17 01:20:53  INFO      =======================================================
2026-03-17 01:20:53  INFO      SL Guardian started
2026-03-17 01:20:53  INFO      Watchdog interval : 60s
2026-03-17 01:20:53  INFO      Symbols configured: ['RELIANCE', 'NIFTY24DECFUT']
2026-03-17 01:20:53  INFO      =======================================================

2026-03-17 01:20:53  INFO      ── Watchdog cycle starting ──────────────────────
2026-03-17 01:20:53  INFO      Open positions: ['ANGELONE26MAR210CE', 'ANGELONE26MAR215PE', 'ANGELONE26MAR230PE', 'ANGELONE26MAR240CE', 'ANGELONE26MAR245CE', 'MANKIND26MAR2100CE', 'MANKIND26MARFUT', 'MAZDOCK26MAR2400CE']
2026-03-17 01:21:03  INFO      Active GTT protection found for: {'ANGELONE26MAR240CE', 'MAZDOCK26MAR2400CE', 'ANGELONE26MAR245CE', 'GOLDIETF'}
2026-03-17 01:21:11  INFO      Checking ANGELONE26MAR210CE | qty=2500 | avg=12.00 | product=NRML | OPTION
2026-03-17 01:21:13  WARNING     ✗ NO SL or GTT found for ANGELONE26MAR210CE. Placing ATR-based SL order...
2026-03-17 01:21:13  INFO        ATR(14, 15minute) for ANGELONE26MAR210CE = 0.8892
2026-03-17 01:21:13  INFO        Computed SL price = 10.67  (ATR=0.8892 × 1.5)
2026-03-17 01:21:13  INFO        Options detected → SL-limit | trigger=10.67 | limit=10.46 (protection=2.0%)
2026-03-17 01:21:13  ERROR       ✗ Failed to place SL for ANGELONE26MAR210CE: Your order could not be converted to a After Market Order (AMO).
2026-03-17 01:21:13  INFO      Checking ANGELONE26MAR215PE | qty=2500 | avg=10.00 | product=NRML | OPTION
2026-03-17 01:21:13  WARNING     ✗ NO SL or GTT found for ANGELONE26MAR215PE. Placing ATR-based SL order...
2026-03-17 01:21:13  INFO        ATR(14, 15minute) for ANGELONE26MAR215PE = 0.7556
2026-03-17 01:21:13  WARNING     SL 8.87 >= LTP 7.11 for SELL — clamped to 6.97 (LTP×0.98)
2026-03-17 01:21:13  INFO        Computed SL price = 6.97  (ATR=0.7556 × 1.5)
2026-03-17 01:21:13  INFO        Options detected → SL-limit | trigger=6.97 | limit=6.83 (protection=2.0%)
2026-03-17 01:21:13  ERROR       ✗ Failed to place SL for ANGELONE26MAR215PE: Your order could not be converted to a After Market Order (AMO).
2026-03-17 01:21:13  INFO      Checking ANGELONE26MAR230PE | qty=-2500 | avg=18.00 | product=NRML | OPTION
2026-03-17 01:21:13  WARNING     ✗ NO SL or GTT found for ANGELONE26MAR230PE. Placing ATR-based SL order...
2026-03-17 01:21:13  INFO        ATR(14, 15minute) for ANGELONE26MAR230PE = 0.6169
2026-03-17 01:21:13  INFO        Computed SL price = 18.93  (ATR=0.6169 × 1.5)
2026-03-17 01:21:13  INFO        Options detected → SL-limit | trigger=18.93 | limit=19.31 (protection=2.0%)
2026-03-17 01:21:13  ERROR       ✗ Failed to place SL for ANGELONE26MAR230PE: Your order could not be converted to a After Market Order (AMO).
2026-03-17 01:21:13  INFO      Checking ANGELONE26MAR240CE | qty=2500 | avg=9.60 | product=NRML | OPTION
2026-03-17 01:21:13  INFO        ✓ Active GTT found for ANGELONE26MAR240CE. Skipping.
2026-03-17 01:21:13  INFO      Checking ANGELONE26MAR245CE | qty=2500 | avg=12.55 | product=NRML | OPTION
2026-03-17 01:21:13  INFO        ✓ Active GTT found for ANGELONE26MAR245CE. Skipping.
2026-03-17 01:21:13  INFO      Checking MANKIND26MAR2100CE | qty=225 | avg=59.50 | product=NRML | OPTION
2026-03-17 01:21:13  WARNING     ✗ NO SL or GTT found for MANKIND26MAR2100CE. Placing ATR-based SL order...
2026-03-17 01:21:14  INFO        ATR(14, 15minute) for MANKIND26MAR2100CE = 3.3281
2026-03-17 01:21:14  WARNING     SL 54.51 >= LTP 45.60 for SELL — clamped to 44.69 (LTP×0.98)
2026-03-17 01:21:14  INFO        Computed SL price = 44.69  (ATR=3.3281 × 1.5)
2026-03-17 01:21:14  INFO        Options detected → SL-limit | trigger=44.69 | limit=43.8 (protection=2.0%)
2026-03-17 01:21:14  ERROR       ✗ Failed to place SL for MANKIND26MAR2100CE: Your order could not be converted to a After Market Order (AMO).
2026-03-17 01:21:14  INFO      Checking MANKIND26MARFUT | qty=225 | avg=2233.00 | product=NRML | EQ/FUT
2026-03-17 01:21:14  WARNING     ✗ NO SL or GTT found for MANKIND26MARFUT. Placing ATR-based SL order...
2026-03-17 01:21:14  INFO        ATR(14, 15minute) for MANKIND26MARFUT = 10.7307
2026-03-17 01:21:14  WARNING     SL 2216.90 >= LTP 2080.90 for SELL — clamped to 2039.28 (LTP×0.98)
2026-03-17 01:21:14  INFO        Computed SL price = 2039.28  (ATR=10.7307 × 1.5)
2026-03-17 01:21:14  INFO        Equity/Futures → SL-M | trigger=2039.28
2026-03-17 01:21:14  ERROR       ✗ Failed to place SL for MANKIND26MARFUT: Tick size for this script is 0.10. Kindly enter trigger price in the multiple of tick size for this script
2026-03-17 01:21:14  INFO      Checking MAZDOCK26MAR2400CE | qty=200 | avg=116.00 | product=NRML | OPTION
2026-03-17 01:21:14  INFO        ✓ Active GTT found for MAZDOCK26MAR2400CE. Skipping.
2026-03-17 01:21:14  INFO      ── Watchdog cycle complete ──────────────────────

2026-03-17 01:22:14  INFO      ── Watchdog cycle starting ──────────────────────
2026-03-17 01:22:14  INFO      Open positions: ['ANGELONE26MAR210CE', 'ANGELONE26MAR215PE', 'ANGELONE26MAR230PE', 'ANGELONE26MAR240CE', 'ANGELONE26MAR245CE', 'MANKIND26MAR2100CE', 'MANKIND26MARFUT', 'MAZDOCK26MAR2400CE']
2026-03-17 10:28:14  INFO      =======================================================
2026-03-17 10:28:14  INFO      SL Guardian started
2026-03-17 10:28:14  INFO      Watchdog interval : 60s
2026-03-17 10:28:14  INFO      Symbols configured: ['RELIANCE', 'NIFTY24DECFUT']
2026-03-17 10:28:14  INFO      =======================================================

2026-03-17 10:28:14  INFO      ── Watchdog cycle starting ──────────────────────
2026-03-17 10:28:14  INFO      Open positions: ['ANGELONE26MAR210CE', 'ANGELONE26MAR215PE', 'ANGELONE26MAR230PE', 'ANGELONE26MAR240CE', 'ANGELONE26MAR245CE', 'MANKIND26MARFUT', 'MAZDOCK26MAR2400CE']
2026-03-17 10:28:14  INFO      Active GTT protection found for: {'ANGELONE26MAR230PE', 'GOLDIETF', 'ANGELONE26MAR245CE', 'MAZDOCK26MAR2400CE', 'MANKIND26MARFUT', 'ANGELONE26MAR210CE'}
2026-03-17 10:28:14  INFO      Checking ANGELONE26MAR210CE | qty=2500 | avg=12.00 | product=NRML | OPTION
2026-03-17 10:28:14  INFO        ✓ Active GTT found for ANGELONE26MAR210CE. Skipping.
2026-03-17 10:28:14  INFO      Checking ANGELONE26MAR215PE | qty=2500 | avg=10.00 | product=NRML | OPTION
2026-03-17 10:28:14  WARNING     ✗ NO SL or GTT found for ANGELONE26MAR215PE. Placing ATR-based SL order...
2026-03-17 10:28:14  INFO        ATR(14, 15minute) for ANGELONE26MAR215PE = 0.8110
2026-03-17 10:28:15  WARNING     SL 8.78 >= LTP 4.97 for SELL — clamped to 4.87 (LTP×0.98)
2026-03-17 10:28:15  INFO        Computed SL price = 4.87  (ATR=0.8110 × 1.5)
2026-03-17 10:28:15  INFO        Options detected → SL-limit | trigger=4.87 | limit=4.77 (protection=2.0%)
2026-03-17 10:28:15  INFO        ✓ SL order placed successfully. order_id=260317190606407
2026-03-17 10:28:15  INFO      Checking ANGELONE26MAR230PE | qty=-2500 | avg=18.00 | product=NRML | OPTION
2026-03-17 10:28:15  INFO        ✓ Active GTT found for ANGELONE26MAR230PE. Skipping.
2026-03-17 10:28:15  INFO      Checking ANGELONE26MAR240CE | qty=2500 | avg=9.60 | product=NRML | OPTION
2026-03-17 10:28:15  WARNING     ✗ NO SL or GTT found for ANGELONE26MAR240CE. Placing ATR-based SL order...
2026-03-17 10:28:15  INFO        ATR(14, 15minute) for ANGELONE26MAR240CE = 0.2057
2026-03-17 10:28:15  WARNING     SL 9.29 >= LTP 1.44 for SELL — clamped to 1.41 (LTP×0.98)
2026-03-17 10:28:15  INFO        Computed SL price = 1.41  (ATR=0.2057 × 1.5)
2026-03-17 10:28:15  INFO        Options detected → SL-limit | trigger=1.41 | limit=1.38 (protection=2.0%)
2026-03-17 10:28:15  INFO        ✓ SL order placed successfully. order_id=260317190606434
2026-03-17 10:28:15  INFO      Checking ANGELONE26MAR245CE | qty=2500 | avg=12.55 | product=NRML | OPTION
2026-03-17 10:28:15  INFO        ✓ Active GTT found for ANGELONE26MAR245CE. Skipping.
2026-03-17 10:28:15  INFO      Checking MANKIND26MARFUT | qty=225 | avg=2233.00 | product=NRML | EQ/FUT
2026-03-17 10:28:15  INFO        ✓ Active GTT found for MANKIND26MARFUT. Skipping.
2026-03-17 10:28:15  INFO      Checking MAZDOCK26MAR2400CE | qty=200 | avg=116.00 | product=NRML | OPTION
2026-03-17 10:28:15  INFO        ✓ Active GTT found for MAZDOCK26MAR2400CE. Skipping.
2026-03-17 10:28:15  INFO      ── Watchdog cycle complete ──────────────────────

2026-03-17 10:29:15  INFO      ── Watchdog cycle starting ──────────────────────
2026-03-17 10:29:15  INFO      Open positions: ['ANGELONE26MAR210CE', 'ANGELONE26MAR215PE', 'ANGELONE26MAR230PE', 'ANGELONE26MAR240CE', 'ANGELONE26MAR245CE', 'MANKIND26MARFUT', 'MAZDOCK26MAR2400CE']
2026-03-17 10:29:15  INFO      Active GTT protection found for: {'ANGELONE26MAR230PE', 'GOLDIETF', 'ANGELONE26MAR245CE', 'MANKIND26MARFUT', 'ANGELONE26MAR210CE'}
2026-03-17 10:29:15  INFO      Checking ANGELONE26MAR210CE | qty=2500 | avg=12.00 | product=NRML | OPTION
2026-03-17 10:29:15  INFO        ✓ Active GTT found for ANGELONE26MAR210CE. Skipping.
2026-03-17 10:29:15  INFO      Checking ANGELONE26MAR215PE | qty=2500 | avg=10.00 | product=NRML | OPTION
2026-03-17 10:29:15  WARNING     ✗ NO SL or GTT found for ANGELONE26MAR215PE. Placing ATR-based SL order...
2026-03-17 10:29:15  INFO        ATR(14, 15minute) for ANGELONE26MAR215PE = 0.8110
2026-03-17 10:29:15  WARNING     SL 8.78 >= LTP 4.94 for SELL — clamped to 4.84 (LTP×0.98)
2026-03-17 10:29:15  INFO        Computed SL price = 4.84  (ATR=0.8110 × 1.5)
2026-03-17 10:29:15  INFO        Options detected → SL-limit | trigger=4.84 | limit=4.74 (protection=2.0%)
2026-03-17 10:29:15  INFO        ✓ SL order placed successfully. order_id=260317190612305
2026-03-17 10:29:15  INFO      Checking ANGELONE26MAR230PE | qty=-2500 | avg=18.00 | product=NRML | OPTION
2026-03-17 10:29:15  INFO        ✓ Active GTT found for ANGELONE26MAR230PE. Skipping.
2026-03-17 10:29:15  INFO      Checking ANGELONE26MAR240CE | qty=2500 | avg=9.60 | product=NRML | OPTION
2026-03-17 10:29:15  INFO        ✓ SL order present (1 order(s)). Skipping.
2026-03-17 10:29:15  INFO      Checking ANGELONE26MAR245CE | qty=2500 | avg=12.55 | product=NRML | OPTION
2026-03-17 10:29:15  INFO        ✓ Active GTT found for ANGELONE26MAR245CE. Skipping.
2026-03-17 10:29:15  INFO      Checking MANKIND26MARFUT | qty=225 | avg=2233.00 | product=NRML | EQ/FUT
2026-03-17 10:29:15  INFO        ✓ Active GTT found for MANKIND26MARFUT. Skipping.
2026-03-17 10:29:15  INFO      Checking MAZDOCK26MAR2400CE | qty=200 | avg=116.00 | product=NRML | OPTION
2026-03-17 10:29:15  WARNING     ✗ NO SL or GTT found for MAZDOCK26MAR2400CE. Placing ATR-based SL order...
2026-03-17 10:29:16  INFO        ATR(14, 15minute) for MAZDOCK26MAR2400CE = 6.5081
2026-03-17 10:29:16  WARNING     SL 106.24 >= LTP 46.50 for SELL — clamped to 45.57 (LTP×0.98)
2026-03-17 10:29:16  INFO        Computed SL price = 45.57  (ATR=6.5081 × 1.5)
2026-03-17 10:29:16  INFO        Options detected → SL-limit | trigger=45.57 | limit=44.66 (protection=2.0%)
2026-03-17 10:29:16  INFO        ✓ SL order placed successfully. order_id=260317190612343
2026-03-17 10:29:16  INFO      ── Watchdog cycle complete ──────────────────────

2026-03-17 10:30:16  INFO      ── Watchdog cycle starting ──────────────────────
2026-03-17 10:30:16  INFO      Open positions: ['ANGELONE26MAR210CE', 'ANGELONE26MAR215PE', 'ANGELONE26MAR230PE', 'ANGELONE26MAR240CE', 'ANGELONE26MAR245CE', 'MANKIND26MARFUT', 'MAZDOCK26MAR2400CE']
2026-03-17 10:30:16  INFO      Active GTT protection found for: {'ANGELONE26MAR230PE', 'GOLDIETF', 'ANGELONE26MAR245CE', 'ANGELONE26MAR215PE', 'MANKIND26MARFUT', 'ANGELONE26MAR210CE'}
2026-03-17 10:30:16  INFO      Checking ANGELONE26MAR210CE | qty=2500 | avg=12.00 | product=NRML | OPTION
2026-03-17 10:30:16  INFO        ✓ Active GTT found for ANGELONE26MAR210CE. Skipping.
2026-03-17 10:30:16  INFO      Checking ANGELONE26MAR215PE | qty=2500 | avg=10.00 | product=NRML | OPTION
2026-03-17 10:30:16  INFO        ✓ Active GTT found for ANGELONE26MAR215PE. Skipping.
2026-03-17 10:30:16  INFO      Checking ANGELONE26MAR230PE | qty=-2500 | avg=18.00 | product=NRML | OPTION
2026-03-17 10:30:16  INFO        ✓ Active GTT found for ANGELONE26MAR230PE. Skipping.
2026-03-17 10:30:16  INFO      Checking ANGELONE26MAR240CE | qty=2500 | avg=9.60 | product=NRML | OPTION
2026-03-17 10:30:16  INFO        ✓ SL order present (1 order(s)). Skipping.
2026-03-17 10:30:16  INFO      Checking ANGELONE26MAR245CE | qty=2500 | avg=12.55 | product=NRML | OPTION
2026-03-17 10:30:16  INFO        ✓ Active GTT found for ANGELONE26MAR245CE. Skipping.
2026-03-17 10:30:16  INFO      Checking MANKIND26MARFUT | qty=225 | avg=2233.00 | product=NRML | EQ/FUT
2026-03-17 10:30:16  INFO        ✓ Active GTT found for MANKIND26MARFUT. Skipping.
2026-03-17 10:30:16  INFO      Checking MAZDOCK26MAR2400CE | qty=200 | avg=116.00 | product=NRML | OPTION
2026-03-17 10:30:16  WARNING     ✗ NO SL or GTT found for MAZDOCK26MAR2400CE. Placing ATR-based SL order...
2026-03-17 10:30:16  INFO        ATR(14, 15minute) for MAZDOCK26MAR2400CE = 6.1125
2026-03-17 10:30:16  WARNING     SL 106.83 >= LTP 45.55 for SELL — clamped to 44.64 (LTP×0.98)
2026-03-17 10:30:16  INFO        Computed SL price = 44.64  (ATR=6.1125 × 1.5)
2026-03-17 10:30:16  INFO        Options detected → SL-limit | trigger=44.64 | limit=43.75 (protection=2.0%)
2026-03-17 10:30:16  INFO        ✓ SL order placed successfully. order_id=260317190621333
2026-03-17 10:30:16  INFO      ── Watchdog cycle complete ──────────────────────

2026-03-17 10:31:16  INFO      ── Watchdog cycle starting ──────────────────────
2026-03-17 10:31:16  INFO      Open positions: ['ANGELONE26MAR210CE', 'ANGELONE26MAR215PE', 'ANGELONE26MAR230PE', 'ANGELONE26MAR240CE', 'ANGELONE26MAR245CE', 'MANKIND26MARFUT', 'MAZDOCK26MAR2400CE']
2026-03-17 10:31:16  INFO      Active GTT protection found for: {'ANGELONE26MAR230PE', 'GOLDIETF', 'ANGELONE26MAR245CE', 'ANGELONE26MAR215PE', 'MANKIND26MARFUT', 'ANGELONE26MAR210CE'}
2026-03-17 10:31:16  INFO      Checking ANGELONE26MAR210CE | qty=2500 | avg=12.00 | product=NRML | OPTION
2026-03-17 10:31:16  INFO        ✓ Active GTT found for ANGELONE26MAR210CE. Skipping.
2026-03-17 10:31:16  INFO      Checking ANGELONE26MAR215PE | qty=2500 | avg=10.00 | product=NRML | OPTION
2026-03-17 10:31:16  INFO        ✓ Active GTT found for ANGELONE26MAR215PE. Skipping.
2026-03-17 10:31:16  INFO      Checking ANGELONE26MAR230PE | qty=-2500 | avg=18.00 | product=NRML | OPTION
2026-03-17 10:31:16  INFO        ✓ Active GTT found for ANGELONE26MAR230PE. Skipping.
2026-03-17 10:31:16  INFO      Checking ANGELONE26MAR240CE | qty=2500 | avg=9.60 | product=NRML | OPTION
2026-03-17 10:31:16  WARNING     ✗ NO SL or GTT found for ANGELONE26MAR240CE. Placing ATR-based SL order...
2026-03-17 10:31:16  INFO        ATR(14, 15minute) for ANGELONE26MAR240CE = 0.1952
2026-03-17 10:31:16  WARNING     SL 9.31 >= LTP 1.40 for SELL — clamped to 1.37 (LTP×0.98)
2026-03-17 10:31:16  INFO        Computed SL price = 1.37  (ATR=0.1952 × 1.5)
2026-03-17 10:31:16  INFO        Options detected → SL-limit | trigger=1.37 | limit=1.34 (protection=2.0%)
2026-03-17 10:31:17  INFO        ✓ SL order placed successfully. order_id=260317190630089
2026-03-17 10:31:17  INFO      Checking ANGELONE26MAR245CE | qty=2500 | avg=12.55 | product=NRML | OPTION
2026-03-17 10:31:17  INFO        ✓ Active GTT found for ANGELONE26MAR245CE. Skipping.
2026-03-17 10:31:17  INFO      Checking MANKIND26MARFUT | qty=225 | avg=2233.00 | product=NRML | EQ/FUT
2026-03-17 10:31:17  INFO        ✓ Active GTT found for MANKIND26MARFUT. Skipping.
2026-03-17 10:31:17  INFO      Checking MAZDOCK26MAR2400CE | qty=200 | avg=116.00 | product=NRML | OPTION
2026-03-17 10:31:17  WARNING     ✗ NO SL or GTT found for MAZDOCK26MAR2400CE. Placing ATR-based SL order...
2026-03-17 10:31:17  INFO        ATR(14, 15minute) for MAZDOCK26MAR2400CE = 6.1804
2026-03-17 10:31:17  WARNING     SL 106.73 >= LTP 44.75 for SELL — clamped to 43.85 (LTP×0.98)
2026-03-17 10:31:17  INFO        Computed SL price = 43.85  (ATR=6.1804 × 1.5)
2026-03-17 10:31:17  INFO        Options detected → SL-limit | trigger=43.85 | limit=42.97 (protection=2.0%)
2026-03-17 10:31:17  INFO        ✓ SL order placed successfully. order_id=260317190630114
2026-03-17 10:31:17  INFO      ── Watchdog cycle complete ──────────────────────

2026-03-17 10:32:17  INFO      ── Watchdog cycle starting ──────────────────────
2026-03-17 10:32:17  INFO      Open positions: ['ANGELONE26MAR210CE', 'ANGELONE26MAR215PE', 'ANGELONE26MAR230PE', 'ANGELONE26MAR240CE', 'ANGELONE26MAR245CE', 'MANKIND26MARFUT', 'MAZDOCK26MAR2400CE']
2026-03-17 10:32:17  INFO      Active GTT protection found for: {'ANGELONE26MAR230PE', 'GOLDIETF', 'ANGELONE26MAR245CE', 'ANGELONE26MAR215PE', 'MANKIND26MARFUT', 'ANGELONE26MAR210CE'}
2026-03-17 10:32:17  INFO      Checking ANGELONE26MAR210CE | qty=2500 | avg=12.00 | product=NRML | OPTION
2026-03-17 10:32:17  INFO        ✓ Active GTT found for ANGELONE26MAR210CE. Skipping.
2026-03-17 10:32:17  INFO      Checking ANGELONE26MAR215PE | qty=2500 | avg=10.00 | product=NRML | OPTION
2026-03-17 10:32:17  INFO        ✓ Active GTT found for ANGELONE26MAR215PE. Skipping.
2026-03-17 10:32:17  INFO      Checking ANGELONE26MAR230PE | qty=-2500 | avg=18.00 | product=NRML | OPTION
2026-03-17 10:32:17  INFO        ✓ Active GTT found for ANGELONE26MAR230PE. Skipping.
2026-03-17 10:32:17  INFO      Checking ANGELONE26MAR240CE | qty=2500 | avg=9.60 | product=NRML | OPTION
2026-03-17 10:32:17  WARNING     ✗ NO SL or GTT found for ANGELONE26MAR240CE. Placing ATR-based SL order...
2026-03-17 10:32:17  INFO        ATR(14, 15minute) for ANGELONE26MAR240CE = 0.1952
2026-03-17 10:32:17  WARNING     SL 9.31 >= LTP 1.40 for SELL — clamped to 1.37 (LTP×0.98)
2026-03-17 10:32:17  INFO        Computed SL price = 1.37  (ATR=0.1952 × 1.5)
2026-03-17 10:32:17  INFO        Options detected → SL-limit | trigger=1.37 | limit=1.34 (protection=2.0%)
2026-03-17 10:32:17  INFO        ✓ SL order placed successfully. order_id=260317190637750
2026-03-17 10:32:17  INFO      Checking ANGELONE26MAR245CE | qty=2500 | avg=12.55 | product=NRML | OPTION
2026-03-17 10:32:17  INFO        ✓ Active GTT found for ANGELONE26MAR245CE. Skipping.
2026-03-17 10:32:17  INFO      Checking MANKIND26MARFUT | qty=225 | avg=2233.00 | product=NRML | EQ/FUT
2026-03-17 10:32:17  INFO        ✓ Active GTT found for MANKIND26MARFUT. Skipping.
2026-03-17 10:32:17  INFO      Checking MAZDOCK26MAR2400CE | qty=200 | avg=116.00 | product=NRML | OPTION
2026-03-17 10:32:17  WARNING     ✗ NO SL or GTT found for MAZDOCK26MAR2400CE. Placing ATR-based SL order...
2026-03-17 10:32:17  INFO        ATR(14, 15minute) for MAZDOCK26MAR2400CE = 6.1804
2026-03-17 10:32:17  WARNING     SL 106.73 >= LTP 45.60 for SELL — clamped to 44.69 (LTP×0.98)
2026-03-17 10:32:17  INFO        Computed SL price = 44.69  (ATR=6.1804 × 1.5)
2026-03-17 10:32:17  INFO        Options detected → SL-limit | trigger=44.69 | limit=43.8 (protection=2.0%)
2026-03-17 10:32:17  INFO        ✓ SL order placed successfully. order_id=260317190637792
2026-03-17 10:32:17  INFO      ── Watchdog cycle complete ──────────────────────

